[INFO] Scanning for projects...
[INFO] 
[INFO] ---------< org.springframework.samples:spring-petclinic-rest >----------
[INFO] Building spring-petclinic-rest 2.6.2
[INFO]   from pom.xml
[INFO] --------------------------------[ jar ]---------------------------------
[INFO] 
[INFO] >>> rewrite:6.46.0-SNAPSHOT:dryRun (default-cli) > process-test-classes @ spring-petclinic-rest >>>
[INFO] 
[INFO] --- jacoco:0.8.7:prepare-agent (default) @ spring-petclinic-rest ---
[INFO] argLine set to -javaagent:/Users/adrina/.m2/repository/org/jacoco/org.jacoco.agent/0.8.7/org.jacoco.agent-0.8.7-runtime.jar=destfile=/Users/adrina/Sandbox/rhoai3-harness-refactor/experiments/e4-openrewrite/specimen/target/jacoco.exec,excludes=**/org/springframework/samples/petclinic/dto/**
[INFO] 
[INFO] --- openapi-generator:5.2.1:generate (default) @ spring-petclinic-rest ---
[INFO] Generating with dryRun=false
[INFO] No .openapi-generator-ignore file found.
[INFO] OpenAPI Generator: spring (server)
[INFO] Generator 'spring' is considered stable.
[INFO] ----------------------------------
[WARNING] java8 option has been deprecated as it's set to true by default (JDK7 support has been deprecated)
[INFO] Environment variable JAVA_POST_PROCESS_FILE not defined so the Java code may not be properly formatted. To define it, try 'export JAVA_POST_PROCESS_FILE="/usr/local/bin/clang-format -i"' (Linux/Mac)
[INFO] NOTE: To enable file post-processing, 'enablePostProcessFile' must be set to `true` (--enable-post-process-file for CLI).
[INFO] Invoker Package Name, originally not set, is now derived from model package name: org.springframework.samples.petclinic
[INFO] Processing operation failingRequest
[INFO] Processing operation listOwners
[INFO] Processing operation addOwner
[INFO] Processing operation getOwner
[INFO] Processing operation updateOwner
[INFO] Processing operation addPet
[INFO] Processing operation getPet
[INFO] Processing operation updatePet
[INFO] Processing operation addVisit
[INFO] Processing operation listPetTypes
[INFO] Processing operation listVets
[INFO] writing file /Users/adrina/Sandbox/rhoai3-harness-refactor/experiments/e4-openrewrite/specimen/target/generated-sources/openapi/src/main/java/org/springframework/samples/petclinic/dto/OwnerAllOfDto.java
[INFO] writing file /Users/adrina/Sandbox/rhoai3-harness-refactor/experiments/e4-openrewrite/specimen/target/generated-sources/openapi/src/main/java/org/springframework/samples/petclinic/dto/OwnerDto.java
[INFO] writing file /Users/adrina/Sandbox/rhoai3-harness-refactor/experiments/e4-openrewrite/specimen/target/generated-sources/openapi/src/main/java/org/springframework/samples/petclinic/dto/OwnerFieldsDto.java
[INFO] writing file /Users/adrina/Sandbox/rhoai3-harness-refactor/experiments/e4-openrewrite/specimen/target/generated-sources/openapi/src/main/java/org/springframework/samples/petclinic/dto/PetAllOfDto.java
[INFO] writing file /Users/adrina/Sandbox/rhoai3-harness-refactor/experiments/e4-openrewrite/specimen/target/generated-sources/openapi/src/main/java/org/springframework/samples/petclinic/dto/PetDto.java
[INFO] writing file /Users/adrina/Sandbox/rhoai3-harness-refactor/experiments/e4-openrewrite/specimen/target/generated-sources/openapi/src/main/java/org/springframework/samples/petclinic/dto/PetFieldsDto.java
[INFO] writing file /Users/adrina/Sandbox/rhoai3-harness-refactor/experiments/e4-openrewrite/specimen/target/generated-sources/openapi/src/main/java/org/springframework/samples/petclinic/dto/PetTypeDto.java
[INFO] writing file /Users/adrina/Sandbox/rhoai3-harness-refactor/experiments/e4-openrewrite/specimen/target/generated-sources/openapi/src/main/java/org/springframework/samples/petclinic/dto/RestErrorDto.java
[INFO] writing file /Users/adrina/Sandbox/rhoai3-harness-refactor/experiments/e4-openrewrite/specimen/target/generated-sources/openapi/src/main/java/org/springframework/samples/petclinic/dto/RoleDto.java
[INFO] writing file /Users/adrina/Sandbox/rhoai3-harness-refactor/experiments/e4-openrewrite/specimen/target/generated-sources/openapi/src/main/java/org/springframework/samples/petclinic/dto/SpecialtyDto.java
[INFO] writing file /Users/adrina/Sandbox/rhoai3-harness-refactor/experiments/e4-openrewrite/specimen/target/generated-sources/openapi/src/main/java/org/springframework/samples/petclinic/dto/UserDto.java
[INFO] writing file /Users/adrina/Sandbox/rhoai3-harness-refactor/experiments/e4-openrewrite/specimen/target/generated-sources/openapi/src/main/java/org/springframework/samples/petclinic/dto/ValidationMessageDto.java
[INFO] writing file /Users/adrina/Sandbox/rhoai3-harness-refactor/experiments/e4-openrewrite/specimen/target/generated-sources/openapi/src/main/java/org/springframework/samples/petclinic/dto/VetDto.java
[INFO] writing file /Users/adrina/Sandbox/rhoai3-harness-refactor/experiments/e4-openrewrite/specimen/target/generated-sources/openapi/src/main/java/org/springframework/samples/petclinic/dto/VisitAllOfDto.java
[INFO] writing file /Users/adrina/Sandbox/rhoai3-harness-refactor/experiments/e4-openrewrite/specimen/target/generated-sources/openapi/src/main/java/org/springframework/samples/petclinic/dto/VisitDto.java
[INFO] writing file /Users/adrina/Sandbox/rhoai3-harness-refactor/experiments/e4-openrewrite/specimen/target/generated-sources/openapi/src/main/java/org/springframework/samples/petclinic/dto/VisitFieldsDto.java
[INFO] Skipping generation of APIs.
[INFO] Skipping generation of supporting files.
################################################################################
# Thanks for using OpenAPI Generator.                                          #
# Please consider donation to help us maintain this project 🙏                 #
# https://opencollective.com/openapi_generator/donate                          #
################################################################################
[INFO] 
[INFO] --- build-helper:3.2.0:add-source (add-source) @ spring-petclinic-rest ---
[INFO] Source directory: /Users/adrina/Sandbox/rhoai3-harness-refactor/experiments/e4-openrewrite/specimen/target/generated-sources/openapi/src/main/java added.
[INFO] 
[INFO] --- spring-boot:2.6.2:build-info (default) @ spring-petclinic-rest ---
[INFO] 
[INFO] --- resources:3.2.0:resources (default-resources) @ spring-petclinic-rest ---
[INFO] Using 'UTF-8' encoding to copy filtered resources.
[INFO] Using 'UTF-8' encoding to copy filtered properties files.
[INFO] Copying 4 resources
[INFO] Copying 13 resources
[INFO] 
[INFO] --- compiler:3.8.1:compile (default-compile) @ spring-petclinic-rest ---
[INFO] Changes detected - recompiling the module!
[INFO] Compiling 99 source files to /Users/adrina/Sandbox/rhoai3-harness-refactor/experiments/e4-openrewrite/specimen/target/classes
[INFO] /Users/adrina/Sandbox/rhoai3-harness-refactor/experiments/e4-openrewrite/specimen/target/generated-sources/openapi/src/main/java/org/springframework/samples/petclinic/dto/VisitDto.java: Some input files use or override a deprecated API.
[INFO] /Users/adrina/Sandbox/rhoai3-harness-refactor/experiments/e4-openrewrite/specimen/target/generated-sources/openapi/src/main/java/org/springframework/samples/petclinic/dto/VisitDto.java: Recompile with -Xlint:deprecation for details.
[INFO] 
[INFO] --- resources:3.2.0:testResources (default-testResources) @ spring-petclinic-rest ---
[INFO] Using 'UTF-8' encoding to copy filtered resources.
[INFO] Using 'UTF-8' encoding to copy filtered properties files.
[INFO] Copying 1 resource
[INFO] 
[INFO] --- compiler:3.8.1:testCompile (default-testCompile) @ spring-petclinic-rest ---
[INFO] Changes detected - recompiling the module!
[INFO] Compiling 18 source files to /Users/adrina/Sandbox/rhoai3-harness-refactor/experiments/e4-openrewrite/specimen/target/test-classes
[INFO] 
[INFO] <<< rewrite:6.46.0-SNAPSHOT:dryRun (default-cli) < process-test-classes @ spring-petclinic-rest <<<
[INFO] 
[INFO] 
[INFO] --- rewrite:6.46.0-SNAPSHOT:dryRun (default-cli) @ spring-petclinic-rest ---
[INFO] Using active recipe(s) [org.openrewrite.quarkus.spring.WebToJaxRs, org.openrewrite.quarkus.spring.ResponseEntityToJaxRsResponse, org.openrewrite.quarkus.spring.StereotypeAnnotationsToCDI, org.openrewrite.quarkus.spring.ValueToCdiConfigProperty, org.openrewrite.quarkus.spring.SpringEventListenerToObserves]
[INFO] Using active styles(s) []
[INFO] Validating active recipes...
[INFO] Project [spring-petclinic-rest] Resolving Poms...
[INFO] Project [spring-petclinic-rest] Parsing source files
[INFO] Running recipe(s)...
[WARNING] These recipes would make changes to src/main/java/org/springframework/samples/petclinic/repository/jpa/JpaUserRepositoryImpl.java:
[WARNING]     org.openrewrite.quarkus.spring.StereotypeAnnotationsToCDI
[WARNING]         org.openrewrite.java.ReplaceAnnotation: {annotationPatternToReplace=@org.springframework.stereotype.Repository, annotationTemplateToInsert=@jakarta.enterprise.context.ApplicationScoped, classpathResourceName=jakarta.enterprise.cdi-api}
[WARNING] These recipes would make changes to src/main/java/org/springframework/samples/petclinic/repository/jpa/JpaVisitRepositoryImpl.java:
[WARNING]     org.openrewrite.quarkus.spring.StereotypeAnnotationsToCDI
[WARNING]         org.openrewrite.java.ReplaceAnnotation: {annotationPatternToReplace=@org.springframework.stereotype.Repository, annotationTemplateToInsert=@jakarta.enterprise.context.ApplicationScoped, classpathResourceName=jakarta.enterprise.cdi-api}
[WARNING] These recipes would make changes to src/main/java/org/springframework/samples/petclinic/repository/jpa/JpaVetRepositoryImpl.java:
[WARNING]     org.openrewrite.quarkus.spring.StereotypeAnnotationsToCDI
[WARNING]         org.openrewrite.java.ReplaceAnnotation: {annotationPatternToReplace=@org.springframework.stereotype.Repository, annotationTemplateToInsert=@jakarta.enterprise.context.ApplicationScoped, classpathResourceName=jakarta.enterprise.cdi-api}
[WARNING] These recipes would make changes to src/main/java/org/springframework/samples/petclinic/repository/jpa/JpaOwnerRepositoryImpl.java:
[WARNING]     org.openrewrite.quarkus.spring.StereotypeAnnotationsToCDI
[WARNING]         org.openrewrite.java.ReplaceAnnotation: {annotationPatternToReplace=@org.springframework.stereotype.Repository, annotationTemplateToInsert=@jakarta.enterprise.context.ApplicationScoped, classpathResourceName=jakarta.enterprise.cdi-api}
[WARNING] These recipes would make changes to src/main/java/org/springframework/samples/petclinic/repository/jpa/JpaPetRepositoryImpl.java:
[WARNING]     org.openrewrite.quarkus.spring.StereotypeAnnotationsToCDI
[WARNING]         org.openrewrite.java.ReplaceAnnotation: {annotationPatternToReplace=@org.springframework.stereotype.Repository, annotationTemplateToInsert=@jakarta.enterprise.context.ApplicationScoped, classpathResourceName=jakarta.enterprise.cdi-api}
[WARNING] These recipes would make changes to src/main/java/org/springframework/samples/petclinic/repository/jpa/JpaPetTypeRepositoryImpl.java:
[WARNING]     org.openrewrite.quarkus.spring.StereotypeAnnotationsToCDI
[WARNING]         org.openrewrite.java.ReplaceAnnotation: {annotationPatternToReplace=@org.springframework.stereotype.Repository, annotationTemplateToInsert=@jakarta.enterprise.context.ApplicationScoped, classpathResourceName=jakarta.enterprise.cdi-api}
[WARNING] These recipes would make changes to src/main/java/org/springframework/samples/petclinic/repository/jpa/JpaSpecialtyRepositoryImpl.java:
[WARNING]     org.openrewrite.quarkus.spring.StereotypeAnnotationsToCDI
[WARNING]         org.openrewrite.java.ReplaceAnnotation: {annotationPatternToReplace=@org.springframework.stereotype.Repository, annotationTemplateToInsert=@jakarta.enterprise.context.ApplicationScoped, classpathResourceName=jakarta.enterprise.cdi-api}
[WARNING] These recipes would make changes to src/main/java/org/springframework/samples/petclinic/repository/jdbc/JdbcVetRepositoryImpl.java:
[WARNING]     org.openrewrite.quarkus.spring.StereotypeAnnotationsToCDI
[WARNING]         org.openrewrite.java.ReplaceAnnotation: {annotationPatternToReplace=@org.springframework.stereotype.Repository, annotationTemplateToInsert=@jakarta.enterprise.context.ApplicationScoped, classpathResourceName=jakarta.enterprise.cdi-api}
[WARNING]         org.openrewrite.java.ReplaceAnnotation: {annotationPatternToReplace=@org.springframework.beans.factory.annotation.Autowired, annotationTemplateToInsert=@jakarta.inject.Inject, classpathResourceName=jakarta.inject-api}
[WARNING] These recipes would make changes to src/main/java/org/springframework/samples/petclinic/repository/jdbc/JdbcVisitRepositoryImpl.java:
[WARNING]     org.openrewrite.quarkus.spring.StereotypeAnnotationsToCDI
[WARNING]         org.openrewrite.java.ReplaceAnnotation: {annotationPatternToReplace=@org.springframework.stereotype.Repository, annotationTemplateToInsert=@jakarta.enterprise.context.ApplicationScoped, classpathResourceName=jakarta.enterprise.cdi-api}
[WARNING]         org.openrewrite.java.ReplaceAnnotation: {annotationPatternToReplace=@org.springframework.beans.factory.annotation.Autowired, annotationTemplateToInsert=@jakarta.inject.Inject, classpathResourceName=jakarta.inject-api}
[WARNING] These recipes would make changes to src/main/java/org/springframework/samples/petclinic/repository/jdbc/JdbcUserRepositoryImpl.java:
[WARNING]     org.openrewrite.quarkus.spring.StereotypeAnnotationsToCDI
[WARNING]         org.openrewrite.java.ReplaceAnnotation: {annotationPatternToReplace=@org.springframework.stereotype.Repository, annotationTemplateToInsert=@jakarta.enterprise.context.ApplicationScoped, classpathResourceName=jakarta.enterprise.cdi-api}
[WARNING]         org.openrewrite.java.ReplaceAnnotation: {annotationPatternToReplace=@org.springframework.beans.factory.annotation.Autowired, annotationTemplateToInsert=@jakarta.inject.Inject, classpathResourceName=jakarta.inject-api}
[WARNING] These recipes would make changes to src/main/java/org/springframework/samples/petclinic/repository/jdbc/JdbcPetTypeRepositoryImpl.java:
[WARNING]     org.openrewrite.quarkus.spring.StereotypeAnnotationsToCDI
[WARNING]         org.openrewrite.java.ReplaceAnnotation: {annotationPatternToReplace=@org.springframework.stereotype.Repository, annotationTemplateToInsert=@jakarta.enterprise.context.ApplicationScoped, classpathResourceName=jakarta.enterprise.cdi-api}
[WARNING]         org.openrewrite.java.ReplaceAnnotation: {annotationPatternToReplace=@org.springframework.beans.factory.annotation.Autowired, annotationTemplateToInsert=@jakarta.inject.Inject, classpathResourceName=jakarta.inject-api}
[WARNING] These recipes would make changes to src/main/java/org/springframework/samples/petclinic/repository/jdbc/JdbcSpecialtyRepositoryImpl.java:
[WARNING]     org.openrewrite.quarkus.spring.StereotypeAnnotationsToCDI
[WARNING]         org.openrewrite.java.ReplaceAnnotation: {annotationPatternToReplace=@org.springframework.stereotype.Repository, annotationTemplateToInsert=@jakarta.enterprise.context.ApplicationScoped, classpathResourceName=jakarta.enterprise.cdi-api}
[WARNING]         org.openrewrite.java.ReplaceAnnotation: {annotationPatternToReplace=@org.springframework.beans.factory.annotation.Autowired, annotationTemplateToInsert=@jakarta.inject.Inject, classpathResourceName=jakarta.inject-api}
[WARNING] These recipes would make changes to src/main/java/org/springframework/samples/petclinic/repository/jdbc/JdbcPetRepositoryImpl.java:
[WARNING]     org.openrewrite.quarkus.spring.StereotypeAnnotationsToCDI
[WARNING]         org.openrewrite.java.ReplaceAnnotation: {annotationPatternToReplace=@org.springframework.stereotype.Repository, annotationTemplateToInsert=@jakarta.enterprise.context.ApplicationScoped, classpathResourceName=jakarta.enterprise.cdi-api}
[WARNING]         org.openrewrite.java.ReplaceAnnotation: {annotationPatternToReplace=@org.springframework.beans.factory.annotation.Autowired, annotationTemplateToInsert=@jakarta.inject.Inject, classpathResourceName=jakarta.inject-api}
[WARNING] These recipes would make changes to src/main/java/org/springframework/samples/petclinic/repository/jdbc/JdbcOwnerRepositoryImpl.java:
[WARNING]     org.openrewrite.quarkus.spring.StereotypeAnnotationsToCDI
[WARNING]         org.openrewrite.java.ReplaceAnnotation: {annotationPatternToReplace=@org.springframework.stereotype.Repository, annotationTemplateToInsert=@jakarta.enterprise.context.ApplicationScoped, classpathResourceName=jakarta.enterprise.cdi-api}
[WARNING]         org.openrewrite.java.ReplaceAnnotation: {annotationPatternToReplace=@org.springframework.beans.factory.annotation.Autowired, annotationTemplateToInsert=@jakarta.inject.Inject, classpathResourceName=jakarta.inject-api}
[WARNING] These recipes would make changes to src/main/java/org/springframework/samples/petclinic/util/ApplicationSwaggerConfig.java:
[WARNING]     org.openrewrite.quarkus.spring.StereotypeAnnotationsToCDI
[WARNING]         org.openrewrite.quarkus.spring.SpringBeanToCdiProduces
[WARNING]         org.openrewrite.java.ReplaceAnnotation: {annotationPatternToReplace=@org.springframework.context.annotation.Configuration, annotationTemplateToInsert=@jakarta.enterprise.context.ApplicationScoped, classpathResourceName=jakarta.enterprise.cdi-api}
[WARNING] These recipes would make changes to src/main/java/org/springframework/samples/petclinic/security/BasicAuthenticationConfig.java:
[WARNING]     org.openrewrite.quarkus.spring.StereotypeAnnotationsToCDI
[WARNING]         org.openrewrite.java.ReplaceAnnotation: {annotationPatternToReplace=@org.springframework.context.annotation.Configuration, annotationTemplateToInsert=@jakarta.enterprise.context.ApplicationScoped, classpathResourceName=jakarta.enterprise.cdi-api}
[WARNING]         org.openrewrite.java.ReplaceAnnotation: {annotationPatternToReplace=@org.springframework.beans.factory.annotation.Autowired, annotationTemplateToInsert=@jakarta.inject.Inject, classpathResourceName=jakarta.inject-api}
[WARNING] These recipes would make changes to src/main/java/org/springframework/samples/petclinic/security/DisableSecurityConfig.java:
[WARNING]     org.openrewrite.quarkus.spring.StereotypeAnnotationsToCDI
[WARNING]         org.openrewrite.java.ReplaceAnnotation: {annotationPatternToReplace=@org.springframework.context.annotation.Configuration, annotationTemplateToInsert=@jakarta.enterprise.context.ApplicationScoped, classpathResourceName=jakarta.enterprise.cdi-api}
[WARNING] These recipes would make changes to src/main/java/org/springframework/samples/petclinic/security/Roles.java:
[WARNING]     org.openrewrite.quarkus.spring.StereotypeAnnotationsToCDI
[WARNING]         org.openrewrite.java.ReplaceAnnotation: {annotationPatternToReplace=@org.springframework.stereotype.Component, annotationTemplateToInsert=@jakarta.enterprise.context.ApplicationScoped, classpathResourceName=jakarta.enterprise.cdi-api}
[WARNING] These recipes would make changes to src/main/java/org/springframework/samples/petclinic/service/ClinicServiceImpl.java:
[WARNING]     org.openrewrite.quarkus.spring.StereotypeAnnotationsToCDI
[WARNING]         org.openrewrite.java.ReplaceAnnotation: {annotationPatternToReplace=@org.springframework.stereotype.Service, annotationTemplateToInsert=@jakarta.enterprise.context.ApplicationScoped, classpathResourceName=jakarta.enterprise.cdi-api}
[WARNING]         org.openrewrite.java.ReplaceAnnotation: {annotationPatternToReplace=@org.springframework.beans.factory.annotation.Autowired, annotationTemplateToInsert=@jakarta.inject.Inject, classpathResourceName=jakarta.inject-api}
[WARNING] These recipes would make changes to src/main/java/org/springframework/samples/petclinic/service/UserServiceImpl.java:
[WARNING]     org.openrewrite.quarkus.spring.StereotypeAnnotationsToCDI
[WARNING]         org.openrewrite.java.ReplaceAnnotation: {annotationPatternToReplace=@org.springframework.stereotype.Service, annotationTemplateToInsert=@jakarta.enterprise.context.ApplicationScoped, classpathResourceName=jakarta.enterprise.cdi-api}
[WARNING]         org.openrewrite.java.ReplaceAnnotation: {annotationPatternToReplace=@org.springframework.beans.factory.annotation.Autowired, annotationTemplateToInsert=@jakarta.inject.Inject, classpathResourceName=jakarta.inject-api}
[WARNING] These recipes would make changes to src/main/java/org/springframework/samples/petclinic/rest/RootRestController.java:
[WARNING]     org.openrewrite.quarkus.spring.WebToJaxRs
[WARNING] These recipes would make changes to src/main/java/org/springframework/samples/petclinic/rest/SpecialtyRestController.java:
[WARNING]     org.openrewrite.quarkus.spring.WebToJaxRs
[WARNING]         org.openrewrite.quarkus.spring.ResponseEntityToJaxRsResponse
[WARNING] These recipes would make changes to src/main/java/org/springframework/samples/petclinic/rest/ExceptionControllerAdvice.java:
[WARNING]     org.openrewrite.quarkus.spring.ResponseEntityToJaxRsResponse
[WARNING] These recipes would make changes to src/main/java/org/springframework/samples/petclinic/rest/VetRestController.java:
[WARNING]     org.openrewrite.quarkus.spring.WebToJaxRs
[WARNING]         org.openrewrite.quarkus.spring.ResponseEntityToJaxRsResponse
[WARNING] These recipes would make changes to src/main/java/org/springframework/samples/petclinic/rest/UserRestController.java:
[WARNING]     org.openrewrite.quarkus.spring.WebToJaxRs
[WARNING]         org.openrewrite.quarkus.spring.ResponseEntityToJaxRsResponse
[WARNING] These recipes would make changes to src/main/java/org/springframework/samples/petclinic/rest/PetTypeRestController.java:
[WARNING]     org.openrewrite.quarkus.spring.WebToJaxRs
[WARNING]         org.openrewrite.quarkus.spring.ResponseEntityToJaxRsResponse
[WARNING] These recipes would make changes to src/main/java/org/springframework/samples/petclinic/rest/OwnerRestController.java:
[WARNING]     org.openrewrite.quarkus.spring.WebToJaxRs
[WARNING]         org.openrewrite.quarkus.spring.ResponseEntityToJaxRsResponse
[WARNING] These recipes would make changes to src/main/java/org/springframework/samples/petclinic/rest/PetRestController.java:
[WARNING]     org.openrewrite.quarkus.spring.WebToJaxRs
[WARNING]         org.openrewrite.quarkus.spring.ResponseEntityToJaxRsResponse
[WARNING] These recipes would make changes to src/main/java/org/springframework/samples/petclinic/rest/VisitRestController.java:
[WARNING]     org.openrewrite.quarkus.spring.WebToJaxRs
[WARNING]         org.openrewrite.quarkus.spring.ResponseEntityToJaxRsResponse
[WARNING] These recipes would make changes to src/test/java/org/springframework/samples/petclinic/service/clinicService/AbstractClinicServiceTests.java:
[WARNING]     org.openrewrite.quarkus.spring.StereotypeAnnotationsToCDI
[WARNING]         org.openrewrite.java.ReplaceAnnotation: {annotationPatternToReplace=@org.springframework.beans.factory.annotation.Autowired, annotationTemplateToInsert=@jakarta.inject.Inject, classpathResourceName=jakarta.inject-api}
[WARNING] These recipes would make changes to src/test/java/org/springframework/samples/petclinic/service/userService/AbstractUserServiceTests.java:
[WARNING]     org.openrewrite.quarkus.spring.StereotypeAnnotationsToCDI
[WARNING]         org.openrewrite.java.ReplaceAnnotation: {annotationPatternToReplace=@org.springframework.beans.factory.annotation.Autowired, annotationTemplateToInsert=@jakarta.inject.Inject, classpathResourceName=jakarta.inject-api}
[WARNING] These recipes would make changes to src/test/java/org/springframework/samples/petclinic/rest/SpecialtyRestControllerTests.java:
[WARNING]     org.openrewrite.quarkus.spring.StereotypeAnnotationsToCDI
[WARNING]         org.openrewrite.java.ReplaceAnnotation: {annotationPatternToReplace=@org.springframework.beans.factory.annotation.Autowired, annotationTemplateToInsert=@jakarta.inject.Inject, classpathResourceName=jakarta.inject-api}
[WARNING] These recipes would make changes to src/test/java/org/springframework/samples/petclinic/rest/PetRestControllerTests.java:
[WARNING]     org.openrewrite.quarkus.spring.StereotypeAnnotationsToCDI
[WARNING]         org.openrewrite.java.ReplaceAnnotation: {annotationPatternToReplace=@org.springframework.beans.factory.annotation.Autowired, annotationTemplateToInsert=@jakarta.inject.Inject, classpathResourceName=jakarta.inject-api}
[WARNING] These recipes would make changes to src/test/java/org/springframework/samples/petclinic/rest/VisitRestControllerTests.java:
[WARNING]     org.openrewrite.quarkus.spring.StereotypeAnnotationsToCDI
[WARNING]         org.openrewrite.java.ReplaceAnnotation: {annotationPatternToReplace=@org.springframework.beans.factory.annotation.Autowired, annotationTemplateToInsert=@jakarta.inject.Inject, classpathResourceName=jakarta.inject-api}
[WARNING] These recipes would make changes to src/test/java/org/springframework/samples/petclinic/rest/UserRestControllerTests.java:
[WARNING]     org.openrewrite.quarkus.spring.StereotypeAnnotationsToCDI
[WARNING]         org.openrewrite.java.ReplaceAnnotation: {annotationPatternToReplace=@org.springframework.beans.factory.annotation.Autowired, annotationTemplateToInsert=@jakarta.inject.Inject, classpathResourceName=jakarta.inject-api}
[WARNING] These recipes would make changes to src/test/java/org/springframework/samples/petclinic/rest/PetTypeRestControllerTests.java:
[WARNING]     org.openrewrite.quarkus.spring.StereotypeAnnotationsToCDI
[WARNING]         org.openrewrite.java.ReplaceAnnotation: {annotationPatternToReplace=@org.springframework.beans.factory.annotation.Autowired, annotationTemplateToInsert=@jakarta.inject.Inject, classpathResourceName=jakarta.inject-api}
[WARNING] These recipes would make changes to src/test/java/org/springframework/samples/petclinic/rest/VetRestControllerTests.java:
[WARNING]     org.openrewrite.quarkus.spring.StereotypeAnnotationsToCDI
[WARNING]         org.openrewrite.java.ReplaceAnnotation: {annotationPatternToReplace=@org.springframework.beans.factory.annotation.Autowired, annotationTemplateToInsert=@jakarta.inject.Inject, classpathResourceName=jakarta.inject-api}
[WARNING] These recipes would make changes to src/test/java/org/springframework/samples/petclinic/rest/OwnerRestControllerTests.java:
[WARNING]     org.openrewrite.quarkus.spring.StereotypeAnnotationsToCDI
[WARNING]         org.openrewrite.java.ReplaceAnnotation: {annotationPatternToReplace=@org.springframework.beans.factory.annotation.Autowired, annotationTemplateToInsert=@jakarta.inject.Inject, classpathResourceName=jakarta.inject-api}
[WARNING] Patch file available:
[WARNING]     /Users/adrina/Sandbox/rhoai3-harness-refactor/experiments/e4-openrewrite/specimen/target/rewrite/rewrite.patch
[WARNING] Estimate time saved: 4h 40m
[WARNING] Run 'mvn rewrite:run' to apply the recipes.
[INFO] ------------------------------------------------------------------------
[INFO] BUILD SUCCESS
[INFO] ------------------------------------------------------------------------
[INFO] Total time:  11.315 s
[INFO] Finished at: 2026-08-07T09:34:48+02:00
[INFO] ------------------------------------------------------------------------
