[INFO] Scanning for projects...
[INFO] Downloading from sonatype-central-snapshots: https://central.sonatype.com/repository/maven-snapshots/org/openrewrite/maven/rewrite-maven-plugin/6.46.0-SNAPSHOT/maven-metadata.xml
[INFO] Downloading from central: https://repo.maven.apache.org/maven2/org/openrewrite/maven/rewrite-maven-plugin/6.46.0-SNAPSHOT/maven-metadata.xml
[INFO] Downloaded from sonatype-central-snapshots: https://central.sonatype.com/repository/maven-snapshots/org/openrewrite/maven/rewrite-maven-plugin/6.46.0-SNAPSHOT/maven-metadata.xml (2.0 kB at 2.2 kB/s)
[INFO] Downloading from central: https://repo.maven.apache.org/maven2/org/openrewrite/maven/rewrite-maven-plugin/6.46.0-SNAPSHOT/rewrite-maven-plugin-6.46.0-20260806.231002-13.pom
[INFO] Downloading from sonatype-central-snapshots: https://central.sonatype.com/repository/maven-snapshots/org/openrewrite/maven/rewrite-maven-plugin/6.46.0-SNAPSHOT/rewrite-maven-plugin-6.46.0-20260806.231002-13.pom
[INFO] Downloaded from sonatype-central-snapshots: https://central.sonatype.com/repository/maven-snapshots/org/openrewrite/maven/rewrite-maven-plugin/6.46.0-SNAPSHOT/rewrite-maven-plugin-6.46.0-20260806.231002-13.pom (26 kB at 33 kB/s)
[INFO] Downloading from ossrh-snapshots: https://central.sonatype.com/repository/maven-snapshots/org/openrewrite/rewrite-bom/8.89.0-SNAPSHOT/maven-metadata.xml
[INFO] Downloaded from ossrh-snapshots: https://central.sonatype.com/repository/maven-snapshots/org/openrewrite/rewrite-bom/8.89.0-SNAPSHOT/maven-metadata.xml (786 B at 1.6 kB/s)
[INFO] Downloading from sonatype-central-snapshots: https://central.sonatype.com/repository/maven-snapshots/org/openrewrite/maven/rewrite-maven-plugin/6.46.0-SNAPSHOT/rewrite-maven-plugin-6.46.0-20260806.231002-13.jar
[INFO] Downloaded from sonatype-central-snapshots: https://central.sonatype.com/repository/maven-snapshots/org/openrewrite/maven/rewrite-maven-plugin/6.46.0-SNAPSHOT/rewrite-maven-plugin-6.46.0-20260806.231002-13.jar (115 kB at 115 kB/s)
[INFO] 
[INFO] ---------< org.springframework.samples:spring-petclinic-rest >----------
[INFO] Building spring-petclinic-rest 2.6.2
[INFO]   from pom.xml
[INFO] --------------------------------[ jar ]---------------------------------
[INFO] 
[INFO] >>> rewrite:6.46.0-SNAPSHOT:dryRun (default-cli) > process-test-classes @ spring-petclinic-rest >>>
[INFO] 
[INFO] --- jacoco:0.8.7:prepare-agent (default) @ spring-petclinic-rest ---
[INFO] argLine set to -javaagent:/Users/adrina/.m2/repository/org/jacoco/org.jacoco.agent/0.8.7/org.jacoco.agent-0.8.7-runtime.jar=destfile=/Users/adrina/Sandbox/rhoai3-harness-refactor/experiments/e4-openrewrite/specimen/target/jacoco.exec,excludes=**/org/springframework/samples/petclinic/dto/**
[INFO] 
[INFO] --- openapi-generator:5.2.1:generate (default) @ spring-petclinic-rest ---
[INFO] Generating with dryRun=false
[INFO] No .openapi-generator-ignore file found.
[INFO] OpenAPI Generator: spring (server)
[INFO] Generator 'spring' is considered stable.
[INFO] ----------------------------------
[WARNING] java8 option has been deprecated as it's set to true by default (JDK7 support has been deprecated)
[INFO] Environment variable JAVA_POST_PROCESS_FILE not defined so the Java code may not be properly formatted. To define it, try 'export JAVA_POST_PROCESS_FILE="/usr/local/bin/clang-format -i"' (Linux/Mac)
[INFO] NOTE: To enable file post-processing, 'enablePostProcessFile' must be set to `true` (--enable-post-process-file for CLI).
[INFO] Invoker Package Name, originally not set, is now derived from model package name: org.springframework.samples.petclinic
[INFO] Processing operation failingRequest
[INFO] Processing operation listOwners
[INFO] Processing operation addOwner
[INFO] Processing operation getOwner
[INFO] Processing operation updateOwner
[INFO] Processing operation addPet
[INFO] Processing operation getPet
[INFO] Processing operation updatePet
[INFO] Processing operation addVisit
[INFO] Processing operation listPetTypes
[INFO] Processing operation listVets
[INFO] writing file /Users/adrina/Sandbox/rhoai3-harness-refactor/experiments/e4-openrewrite/specimen/target/generated-sources/openapi/src/main/java/org/springframework/samples/petclinic/dto/OwnerAllOfDto.java
[INFO] writing file /Users/adrina/Sandbox/rhoai3-harness-refactor/experiments/e4-openrewrite/specimen/target/generated-sources/openapi/src/main/java/org/springframework/samples/petclinic/dto/OwnerDto.java
[INFO] writing file /Users/adrina/Sandbox/rhoai3-harness-refactor/experiments/e4-openrewrite/specimen/target/generated-sources/openapi/src/main/java/org/springframework/samples/petclinic/dto/OwnerFieldsDto.java
[INFO] writing file /Users/adrina/Sandbox/rhoai3-harness-refactor/experiments/e4-openrewrite/specimen/target/generated-sources/openapi/src/main/java/org/springframework/samples/petclinic/dto/PetAllOfDto.java
[INFO] writing file /Users/adrina/Sandbox/rhoai3-harness-refactor/experiments/e4-openrewrite/specimen/target/generated-sources/openapi/src/main/java/org/springframework/samples/petclinic/dto/PetDto.java
[INFO] writing file /Users/adrina/Sandbox/rhoai3-harness-refactor/experiments/e4-openrewrite/specimen/target/generated-sources/openapi/src/main/java/org/springframework/samples/petclinic/dto/PetFieldsDto.java
[INFO] writing file /Users/adrina/Sandbox/rhoai3-harness-refactor/experiments/e4-openrewrite/specimen/target/generated-sources/openapi/src/main/java/org/springframework/samples/petclinic/dto/PetTypeDto.java
[INFO] writing file /Users/adrina/Sandbox/rhoai3-harness-refactor/experiments/e4-openrewrite/specimen/target/generated-sources/openapi/src/main/java/org/springframework/samples/petclinic/dto/RestErrorDto.java
[INFO] writing file /Users/adrina/Sandbox/rhoai3-harness-refactor/experiments/e4-openrewrite/specimen/target/generated-sources/openapi/src/main/java/org/springframework/samples/petclinic/dto/RoleDto.java
[INFO] writing file /Users/adrina/Sandbox/rhoai3-harness-refactor/experiments/e4-openrewrite/specimen/target/generated-sources/openapi/src/main/java/org/springframework/samples/petclinic/dto/SpecialtyDto.java
[INFO] writing file /Users/adrina/Sandbox/rhoai3-harness-refactor/experiments/e4-openrewrite/specimen/target/generated-sources/openapi/src/main/java/org/springframework/samples/petclinic/dto/UserDto.java
[INFO] writing file /Users/adrina/Sandbox/rhoai3-harness-refactor/experiments/e4-openrewrite/specimen/target/generated-sources/openapi/src/main/java/org/springframework/samples/petclinic/dto/ValidationMessageDto.java
[INFO] writing file /Users/adrina/Sandbox/rhoai3-harness-refactor/experiments/e4-openrewrite/specimen/target/generated-sources/openapi/src/main/java/org/springframework/samples/petclinic/dto/VetDto.java
[INFO] writing file /Users/adrina/Sandbox/rhoai3-harness-refactor/experiments/e4-openrewrite/specimen/target/generated-sources/openapi/src/main/java/org/springframework/samples/petclinic/dto/VisitAllOfDto.java
[INFO] writing file /Users/adrina/Sandbox/rhoai3-harness-refactor/experiments/e4-openrewrite/specimen/target/generated-sources/openapi/src/main/java/org/springframework/samples/petclinic/dto/VisitDto.java
[INFO] writing file /Users/adrina/Sandbox/rhoai3-harness-refactor/experiments/e4-openrewrite/specimen/target/generated-sources/openapi/src/main/java/org/springframework/samples/petclinic/dto/VisitFieldsDto.java
[INFO] Skipping generation of APIs.
[INFO] Skipping generation of supporting files.
################################################################################
# Thanks for using OpenAPI Generator.                                          #
# Please consider donation to help us maintain this project 🙏                 #
# https://opencollective.com/openapi_generator/donate                          #
################################################################################
[INFO] 
[INFO] --- build-helper:3.2.0:add-source (add-source) @ spring-petclinic-rest ---
[INFO] Source directory: /Users/adrina/Sandbox/rhoai3-harness-refactor/experiments/e4-openrewrite/specimen/target/generated-sources/openapi/src/main/java added.
[INFO] 
[INFO] --- spring-boot:2.6.2:build-info (default) @ spring-petclinic-rest ---
[INFO] 
[INFO] --- resources:3.2.0:resources (default-resources) @ spring-petclinic-rest ---
[INFO] Using 'UTF-8' encoding to copy filtered resources.
[INFO] Using 'UTF-8' encoding to copy filtered properties files.
[INFO] Copying 4 resources
[INFO] Copying 13 resources
[INFO] 
[INFO] --- compiler:3.8.1:compile (default-compile) @ spring-petclinic-rest ---
[INFO] Changes detected - recompiling the module!
[INFO] Compiling 99 source files to /Users/adrina/Sandbox/rhoai3-harness-refactor/experiments/e4-openrewrite/specimen/target/classes
[INFO] /Users/adrina/Sandbox/rhoai3-harness-refactor/experiments/e4-openrewrite/specimen/target/generated-sources/openapi/src/main/java/org/springframework/samples/petclinic/dto/VisitDto.java: Some input files use or override a deprecated API.
[INFO] /Users/adrina/Sandbox/rhoai3-harness-refactor/experiments/e4-openrewrite/specimen/target/generated-sources/openapi/src/main/java/org/springframework/samples/petclinic/dto/VisitDto.java: Recompile with -Xlint:deprecation for details.
[INFO] 
[INFO] --- resources:3.2.0:testResources (default-testResources) @ spring-petclinic-rest ---
[INFO] Using 'UTF-8' encoding to copy filtered resources.
[INFO] Using 'UTF-8' encoding to copy filtered properties files.
[INFO] Copying 1 resource
[INFO] 
[INFO] --- compiler:3.8.1:testCompile (default-testCompile) @ spring-petclinic-rest ---
[INFO] Changes detected - recompiling the module!
[INFO] Compiling 18 source files to /Users/adrina/Sandbox/rhoai3-harness-refactor/experiments/e4-openrewrite/specimen/target/test-classes
[INFO] 
[INFO] <<< rewrite:6.46.0-SNAPSHOT:dryRun (default-cli) < process-test-classes @ spring-petclinic-rest <<<
[INFO] 
[INFO] 
[INFO] --- rewrite:6.46.0-SNAPSHOT:dryRun (default-cli) @ spring-petclinic-rest ---
[INFO] Downloading from ossrh-snapshots: https://central.sonatype.com/repository/maven-snapshots/org/openrewrite/rewrite-java/8.89.0-SNAPSHOT/maven-metadata.xml
[INFO] Downloaded from ossrh-snapshots: https://central.sonatype.com/repository/maven-snapshots/org/openrewrite/rewrite-java/8.89.0-SNAPSHOT/maven-metadata.xml (2.0 kB at 4.1 kB/s)
[INFO] Downloading from ossrh-snapshots: https://central.sonatype.com/repository/maven-snapshots/org/openrewrite/rewrite-core/8.89.0-SNAPSHOT/maven-metadata.xml
[INFO] Downloaded from ossrh-snapshots: https://central.sonatype.com/repository/maven-snapshots/org/openrewrite/rewrite-core/8.89.0-SNAPSHOT/maven-metadata.xml (2.0 kB at 3.9 kB/s)
[INFO] Downloading from ossrh-snapshots: https://central.sonatype.com/repository/maven-snapshots/org/openrewrite/rewrite-yaml/8.89.0-SNAPSHOT/maven-metadata.xml
[INFO] Downloaded from ossrh-snapshots: https://central.sonatype.com/repository/maven-snapshots/org/openrewrite/rewrite-yaml/8.89.0-SNAPSHOT/maven-metadata.xml (2.0 kB at 4.2 kB/s)
[INFO] Downloading from ossrh-snapshots: https://central.sonatype.com/repository/maven-snapshots/org/openrewrite/rewrite-properties/8.89.0-SNAPSHOT/maven-metadata.xml
[INFO] Downloaded from ossrh-snapshots: https://central.sonatype.com/repository/maven-snapshots/org/openrewrite/rewrite-properties/8.89.0-SNAPSHOT/maven-metadata.xml (2.0 kB at 4.2 kB/s)
[INFO] Downloading from ossrh-snapshots: https://central.sonatype.com/repository/maven-snapshots/org/openrewrite/rewrite-xml/8.89.0-SNAPSHOT/maven-metadata.xml
[INFO] Downloaded from ossrh-snapshots: https://central.sonatype.com/repository/maven-snapshots/org/openrewrite/rewrite-xml/8.89.0-SNAPSHOT/maven-metadata.xml (2.0 kB at 4.0 kB/s)
[INFO] Downloading from ossrh-snapshots: https://central.sonatype.com/repository/maven-snapshots/org/openrewrite/rewrite-java-8/8.89.0-SNAPSHOT/maven-metadata.xml
[INFO] Downloaded from ossrh-snapshots: https://central.sonatype.com/repository/maven-snapshots/org/openrewrite/rewrite-java-8/8.89.0-SNAPSHOT/maven-metadata.xml (2.0 kB at 3.7 kB/s)
[INFO] Downloading from ossrh-snapshots: https://central.sonatype.com/repository/maven-snapshots/org/openrewrite/rewrite-java-lombok/8.89.0-SNAPSHOT/maven-metadata.xml
[INFO] Downloaded from ossrh-snapshots: https://central.sonatype.com/repository/maven-snapshots/org/openrewrite/rewrite-java-lombok/8.89.0-SNAPSHOT/maven-metadata.xml (2.0 kB at 4.2 kB/s)
[INFO] Downloading from ossrh-snapshots: https://central.sonatype.com/repository/maven-snapshots/org/openrewrite/rewrite-java-11/8.89.0-SNAPSHOT/maven-metadata.xml
[INFO] Downloaded from ossrh-snapshots: https://central.sonatype.com/repository/maven-snapshots/org/openrewrite/rewrite-java-11/8.89.0-SNAPSHOT/maven-metadata.xml (2.0 kB at 3.9 kB/s)
[INFO] Downloading from ossrh-snapshots: https://central.sonatype.com/repository/maven-snapshots/org/openrewrite/rewrite-java-17/8.89.0-SNAPSHOT/maven-metadata.xml
[INFO] Downloaded from ossrh-snapshots: https://central.sonatype.com/repository/maven-snapshots/org/openrewrite/rewrite-java-17/8.89.0-SNAPSHOT/maven-metadata.xml (2.0 kB at 4.2 kB/s)
[INFO] Downloading from ossrh-snapshots: https://central.sonatype.com/repository/maven-snapshots/org/openrewrite/rewrite-java-21/8.89.0-SNAPSHOT/maven-metadata.xml
[INFO] Downloaded from ossrh-snapshots: https://central.sonatype.com/repository/maven-snapshots/org/openrewrite/rewrite-java-21/8.89.0-SNAPSHOT/maven-metadata.xml (2.0 kB at 4.1 kB/s)
[INFO] Downloading from ossrh-snapshots: https://central.sonatype.com/repository/maven-snapshots/org/openrewrite/rewrite-java-25/8.89.0-SNAPSHOT/maven-metadata.xml
[INFO] Downloaded from ossrh-snapshots: https://central.sonatype.com/repository/maven-snapshots/org/openrewrite/rewrite-java-25/8.89.0-SNAPSHOT/maven-metadata.xml (2.0 kB at 4.2 kB/s)
[INFO] Downloading from ossrh-snapshots: https://central.sonatype.com/repository/maven-snapshots/org/openrewrite/rewrite-groovy/8.89.0-SNAPSHOT/maven-metadata.xml
[INFO] Downloaded from ossrh-snapshots: https://central.sonatype.com/repository/maven-snapshots/org/openrewrite/rewrite-groovy/8.89.0-SNAPSHOT/maven-metadata.xml (2.0 kB at 4.1 kB/s)
[INFO] Downloading from ossrh-snapshots: https://central.sonatype.com/repository/maven-snapshots/org/openrewrite/rewrite-kotlin/8.89.0-SNAPSHOT/maven-metadata.xml
[INFO] Downloaded from ossrh-snapshots: https://central.sonatype.com/repository/maven-snapshots/org/openrewrite/rewrite-kotlin/8.89.0-SNAPSHOT/maven-metadata.xml (2.0 kB at 4.3 kB/s)
[INFO] Downloading from ossrh-snapshots: https://central.sonatype.com/repository/maven-snapshots/org/openrewrite/rewrite-maven/8.89.0-SNAPSHOT/maven-metadata.xml
[INFO] Downloaded from ossrh-snapshots: https://central.sonatype.com/repository/maven-snapshots/org/openrewrite/rewrite-maven/8.89.0-SNAPSHOT/maven-metadata.xml (2.0 kB at 4.0 kB/s)
[INFO] Downloading from central: https://repo.maven.apache.org/maven2/org/openrewrite/rewrite-polyglot/2.12.0-SNAPSHOT/maven-metadata.xml
[INFO] Downloading from sonatype-central-snapshots: https://central.sonatype.com/repository/maven-snapshots/org/openrewrite/rewrite-polyglot/2.12.0-SNAPSHOT/maven-metadata.xml
[INFO] Downloading from ossrh-snapshots: https://central.sonatype.com/repository/maven-snapshots/org/openrewrite/rewrite-polyglot/2.12.0-SNAPSHOT/maven-metadata.xml
[INFO] Downloaded from ossrh-snapshots: https://central.sonatype.com/repository/maven-snapshots/org/openrewrite/rewrite-polyglot/2.12.0-SNAPSHOT/maven-metadata.xml (2.0 kB at 3.6 kB/s)
[INFO] Downloaded from sonatype-central-snapshots: https://central.sonatype.com/repository/maven-snapshots/org/openrewrite/rewrite-polyglot/2.12.0-SNAPSHOT/maven-metadata.xml (2.0 kB at 2.5 kB/s)
[INFO] Downloading from central: https://repo.maven.apache.org/maven2/org/openrewrite/rewrite-polyglot/2.12.0-SNAPSHOT/rewrite-polyglot-2.12.0-20260806.235248-11.pom
[INFO] Downloading from sonatype-central-snapshots: https://central.sonatype.com/repository/maven-snapshots/org/openrewrite/rewrite-polyglot/2.12.0-SNAPSHOT/rewrite-polyglot-2.12.0-20260806.235248-11.pom
[INFO] Downloaded from sonatype-central-snapshots: https://central.sonatype.com/repository/maven-snapshots/org/openrewrite/rewrite-polyglot/2.12.0-SNAPSHOT/rewrite-polyglot-2.12.0-20260806.235248-11.pom (5.6 kB at 11 kB/s)
[INFO] Downloading from ossrh-snapshots: https://central.sonatype.com/repository/maven-snapshots/org/openrewrite/rewrite-docker/8.89.0-SNAPSHOT/maven-metadata.xml
[INFO] Downloaded from ossrh-snapshots: https://central.sonatype.com/repository/maven-snapshots/org/openrewrite/rewrite-docker/8.89.0-SNAPSHOT/maven-metadata.xml (2.0 kB at 3.9 kB/s)
[INFO] Downloading from ossrh-snapshots: https://central.sonatype.com/repository/maven-snapshots/org/openrewrite/rewrite-gradle/8.89.0-SNAPSHOT/maven-metadata.xml
[INFO] Downloaded from ossrh-snapshots: https://central.sonatype.com/repository/maven-snapshots/org/openrewrite/rewrite-gradle/8.89.0-SNAPSHOT/maven-metadata.xml (2.0 kB at 4.0 kB/s)
[INFO] Downloading from ossrh-snapshots: https://central.sonatype.com/repository/maven-snapshots/org/openrewrite/rewrite-toml/8.89.0-SNAPSHOT/maven-metadata.xml
[INFO] Downloaded from ossrh-snapshots: https://central.sonatype.com/repository/maven-snapshots/org/openrewrite/rewrite-toml/8.89.0-SNAPSHOT/maven-metadata.xml (2.0 kB at 3.8 kB/s)
[INFO] Downloading from sonatype-central-snapshots: https://central.sonatype.com/repository/maven-snapshots/org/openrewrite/rewrite-hcl/8.89.0-SNAPSHOT/maven-metadata.xml
[INFO] Downloading from central: https://repo.maven.apache.org/maven2/org/openrewrite/rewrite-hcl/8.89.0-SNAPSHOT/maven-metadata.xml
[INFO] Downloading from ossrh-snapshots: https://central.sonatype.com/repository/maven-snapshots/org/openrewrite/rewrite-hcl/8.89.0-SNAPSHOT/maven-metadata.xml
[INFO] Downloaded from ossrh-snapshots: https://central.sonatype.com/repository/maven-snapshots/org/openrewrite/rewrite-hcl/8.89.0-SNAPSHOT/maven-metadata.xml (2.0 kB at 4.0 kB/s)
[INFO] Downloaded from sonatype-central-snapshots: https://central.sonatype.com/repository/maven-snapshots/org/openrewrite/rewrite-hcl/8.89.0-SNAPSHOT/maven-metadata.xml (2.0 kB at 3.9 kB/s)
[INFO] Downloading from central: https://repo.maven.apache.org/maven2/org/openrewrite/rewrite-hcl/8.89.0-SNAPSHOT/rewrite-hcl-8.89.0-20260807.000902-42.pom
[INFO] Downloading from sonatype-central-snapshots: https://central.sonatype.com/repository/maven-snapshots/org/openrewrite/rewrite-hcl/8.89.0-SNAPSHOT/rewrite-hcl-8.89.0-20260807.000902-42.pom
[INFO] Downloaded from sonatype-central-snapshots: https://central.sonatype.com/repository/maven-snapshots/org/openrewrite/rewrite-hcl/8.89.0-SNAPSHOT/rewrite-hcl-8.89.0-20260807.000902-42.pom (4.0 kB at 8.2 kB/s)
[INFO] Downloading from ossrh-snapshots: https://central.sonatype.com/repository/maven-snapshots/org/openrewrite/rewrite-json/8.89.0-SNAPSHOT/maven-metadata.xml
[INFO] Downloaded from ossrh-snapshots: https://central.sonatype.com/repository/maven-snapshots/org/openrewrite/rewrite-json/8.89.0-SNAPSHOT/maven-metadata.xml (2.0 kB at 3.9 kB/s)
[INFO] Downloading from central: https://repo.maven.apache.org/maven2/org/openrewrite/rewrite-protobuf/8.89.0-SNAPSHOT/maven-metadata.xml
[INFO] Downloading from ossrh-snapshots: https://central.sonatype.com/repository/maven-snapshots/org/openrewrite/rewrite-protobuf/8.89.0-SNAPSHOT/maven-metadata.xml
[INFO] Downloading from sonatype-central-snapshots: https://central.sonatype.com/repository/maven-snapshots/org/openrewrite/rewrite-protobuf/8.89.0-SNAPSHOT/maven-metadata.xml
[INFO] Downloaded from ossrh-snapshots: https://central.sonatype.com/repository/maven-snapshots/org/openrewrite/rewrite-protobuf/8.89.0-SNAPSHOT/maven-metadata.xml (2.0 kB at 4.1 kB/s)
[INFO] Downloaded from sonatype-central-snapshots: https://central.sonatype.com/repository/maven-snapshots/org/openrewrite/rewrite-protobuf/8.89.0-SNAPSHOT/maven-metadata.xml (2.0 kB at 4.0 kB/s)
[INFO] Downloading from central: https://repo.maven.apache.org/maven2/org/openrewrite/rewrite-protobuf/8.89.0-SNAPSHOT/rewrite-protobuf-8.89.0-20260807.000902-40.pom
[INFO] Downloading from sonatype-central-snapshots: https://central.sonatype.com/repository/maven-snapshots/org/openrewrite/rewrite-protobuf/8.89.0-SNAPSHOT/rewrite-protobuf-8.89.0-20260807.000902-40.pom
[INFO] Downloaded from sonatype-central-snapshots: https://central.sonatype.com/repository/maven-snapshots/org/openrewrite/rewrite-protobuf/8.89.0-SNAPSHOT/rewrite-protobuf-8.89.0-20260807.000902-40.pom (4.0 kB at 8.2 kB/s)
[INFO] Downloading from central: https://repo.maven.apache.org/maven2/org/codehaus/plexus/plexus-xml/4.1.1/plexus-xml-4.1.1.pom
[INFO] Downloaded from central: https://repo.maven.apache.org/maven2/org/codehaus/plexus/plexus-xml/4.1.1/plexus-xml-4.1.1.pom (4.3 kB at 134 kB/s)
[INFO] Downloading from central: https://repo.maven.apache.org/maven2/org/apache/maven/maven-xml/4.0.0-rc-5/maven-xml-4.0.0-rc-5.pom
[INFO] Downloaded from central: https://repo.maven.apache.org/maven2/org/apache/maven/maven-xml/4.0.0-rc-5/maven-xml-4.0.0-rc-5.pom (3.0 kB at 106 kB/s)
[INFO] Downloading from central: https://repo.maven.apache.org/maven2/org/apache/maven/maven-impl-modules/4.0.0-rc-5/maven-impl-modules-4.0.0-rc-5.pom
[INFO] Downloaded from central: https://repo.maven.apache.org/maven2/org/apache/maven/maven-impl-modules/4.0.0-rc-5/maven-impl-modules-4.0.0-rc-5.pom (1.7 kB at 83 kB/s)
[INFO] Downloading from central: https://repo.maven.apache.org/maven2/org/apache/maven/maven/4.0.0-rc-5/maven-4.0.0-rc-5.pom
[INFO] Downloaded from central: https://repo.maven.apache.org/maven2/org/apache/maven/maven/4.0.0-rc-5/maven-4.0.0-rc-5.pom (48 kB at 1.8 MB/s)
[INFO] Downloading from central: https://repo.maven.apache.org/maven2/org/apache/maven/maven-api-xml/4.0.0-rc-5/maven-api-xml-4.0.0-rc-5.pom
[INFO] Downloaded from central: https://repo.maven.apache.org/maven2/org/apache/maven/maven-api-xml/4.0.0-rc-5/maven-api-xml-4.0.0-rc-5.pom (1.5 kB at 72 kB/s)
[INFO] Downloading from central: https://repo.maven.apache.org/maven2/org/apache/maven/maven-api/4.0.0-rc-5/maven-api-4.0.0-rc-5.pom
[INFO] Downloaded from central: https://repo.maven.apache.org/maven2/org/apache/maven/maven-api/4.0.0-rc-5/maven-api-4.0.0-rc-5.pom (3.2 kB at 154 kB/s)
[INFO] Downloading from central: https://repo.maven.apache.org/maven2/org/apache/maven/maven-api-annotations/4.0.0-rc-5/maven-api-annotations-4.0.0-rc-5.pom
[INFO] Downloaded from central: https://repo.maven.apache.org/maven2/org/apache/maven/maven-api-annotations/4.0.0-rc-5/maven-api-annotations-4.0.0-rc-5.pom (1.4 kB at 73 kB/s)
[INFO] Downloading from central: https://repo.maven.apache.org/maven2/io/micrometer/micrometer-core/1.17.0/micrometer-core-1.17.0.pom
[INFO] Downloaded from central: https://repo.maven.apache.org/maven2/io/micrometer/micrometer-core/1.17.0/micrometer-core-1.17.0.pom (11 kB at 481 kB/s)
[INFO] Downloading from central: https://repo.maven.apache.org/maven2/io/micrometer/micrometer-commons/1.17.0/micrometer-commons-1.17.0.pom
[INFO] Downloaded from central: https://repo.maven.apache.org/maven2/io/micrometer/micrometer-commons/1.17.0/micrometer-commons-1.17.0.pom (3.7 kB at 178 kB/s)
[INFO] Downloading from central: https://repo.maven.apache.org/maven2/io/micrometer/micrometer-observation/1.17.0/micrometer-observation-1.17.0.pom
[INFO] Downloaded from central: https://repo.maven.apache.org/maven2/io/micrometer/micrometer-observation/1.17.0/micrometer-observation-1.17.0.pom (4.0 kB at 172 kB/s)
[INFO] Downloading from sonatype-central-snapshots: https://central.sonatype.com/repository/maven-snapshots/org/openrewrite/rewrite-polyglot/2.12.0-SNAPSHOT/rewrite-polyglot-2.12.0-20260806.235248-11.jar
[INFO] Downloaded from sonatype-central-snapshots: https://central.sonatype.com/repository/maven-snapshots/org/openrewrite/rewrite-polyglot/2.12.0-SNAPSHOT/rewrite-polyglot-2.12.0-20260806.235248-11.jar (34 kB at 46 kB/s)
[INFO] Downloading from sonatype-central-snapshots: https://central.sonatype.com/repository/maven-snapshots/org/openrewrite/rewrite-hcl/8.89.0-SNAPSHOT/rewrite-hcl-8.89.0-20260807.000902-42.jar
[INFO] Downloading from sonatype-central-snapshots: https://central.sonatype.com/repository/maven-snapshots/org/openrewrite/rewrite-protobuf/8.89.0-SNAPSHOT/rewrite-protobuf-8.89.0-20260807.000902-40.jar
[INFO] Downloaded from sonatype-central-snapshots: https://central.sonatype.com/repository/maven-snapshots/org/openrewrite/rewrite-protobuf/8.89.0-SNAPSHOT/rewrite-protobuf-8.89.0-20260807.000902-40.jar (238 kB at 328 kB/s)
[INFO] Downloaded from sonatype-central-snapshots: https://central.sonatype.com/repository/maven-snapshots/org/openrewrite/rewrite-hcl/8.89.0-SNAPSHOT/rewrite-hcl-8.89.0-20260807.000902-42.jar (436 kB at 439 kB/s)
[INFO] Downloading from central: https://repo.maven.apache.org/maven2/org/codehaus/plexus/plexus-xml/4.1.1/plexus-xml-4.1.1.jar
[INFO] Downloaded from central: https://repo.maven.apache.org/maven2/org/codehaus/plexus/plexus-xml/4.1.1/plexus-xml-4.1.1.jar (91 kB at 3.6 MB/s)
[INFO] Downloading from central: https://repo.maven.apache.org/maven2/org/apache/maven/maven-xml/4.0.0-rc-5/maven-xml-4.0.0-rc-5.jar
[INFO] Downloading from central: https://repo.maven.apache.org/maven2/io/micrometer/micrometer-core/1.17.0/micrometer-core-1.17.0.jar
[INFO] Downloading from central: https://repo.maven.apache.org/maven2/io/micrometer/micrometer-commons/1.17.0/micrometer-commons-1.17.0.jar
[INFO] Downloading from central: https://repo.maven.apache.org/maven2/io/micrometer/micrometer-observation/1.17.0/micrometer-observation-1.17.0.jar
[INFO] Downloaded from central: https://repo.maven.apache.org/maven2/org/apache/maven/maven-xml/4.0.0-rc-5/maven-xml-4.0.0-rc-5.jar (52 kB at 2.5 MB/s)
[INFO] Downloaded from central: https://repo.maven.apache.org/maven2/io/micrometer/micrometer-observation/1.17.0/micrometer-observation-1.17.0.jar (84 kB at 1.8 MB/s)
[INFO] Downloaded from central: https://repo.maven.apache.org/maven2/io/micrometer/micrometer-commons/1.17.0/micrometer-commons-1.17.0.jar (52 kB at 1.1 MB/s)
[INFO] Downloaded from central: https://repo.maven.apache.org/maven2/io/micrometer/micrometer-core/1.17.0/micrometer-core-1.17.0.jar (915 kB at 14 MB/s)
[INFO] Using active recipe(s) [org.openrewrite.quarkus.spring.SpringBootToQuarkus]
[INFO] Using active styles(s) []
[INFO] Validating active recipes...
[INFO] Project [spring-petclinic-rest] Resolving Poms...
[INFO] Project [spring-petclinic-rest] Parsing source files
[INFO] Running recipe(s)...
[INFO] Applying recipes would make no changes. No patch file generated.
[INFO] ------------------------------------------------------------------------
[INFO] BUILD SUCCESS
[INFO] ------------------------------------------------------------------------
[INFO] Total time:  28.241 s
[INFO] Finished at: 2026-08-07T09:33:56+02:00
[INFO] ------------------------------------------------------------------------
